0 verbose cli /usr/local/bin/node /usr/local/bin/npm
1 info using npm@11.6.2
2 info using node@v24.13.0
3 silly config load:file:/usr/local/lib/node_modules/npm/npmrc
4 silly config load:file:/home/container/.npmrc
5 silly config load:file:/usr/local/etc/npmrc
6 verbose title npm install
7 verbose argv "install"
8 verbose logfile logs-max:10 dir:/home/container/.npm/_logs/2026-03-08T03_19_50_070Z-
9 verbose logfile /home/container/.npm/_logs/2026-03-08T03_19_50_070Z-debug-0.log
10 silly logfile start cleaning logs, removing 1 files
11 silly logfile done cleaning log files
12 silly packumentCache heap:2348810240 maxSize:587202560 maxEntrySize:293601280
13 silly idealTree buildDeps
14 silly reify moves {}
15 silly audit bulk request {
15 silly audit   '@ampproject/remapping': [ '2.3.0' ],
15 silly audit   '@angular-devkit/architect': [ '0.1902.19' ],
15 silly audit   rxjs: [ '7.8.1', '7.8.2' ],
15 silly audit   '@angular-devkit/build-angular': [ '19.2.19' ],
15 silly audit   '@angular-devkit/build-webpack': [ '0.1902.19' ],
15 silly audit   '@angular-devkit/core': [ '19.2.19' ],
15 silly audit   '@angular-devkit/schematics': [ '19.2.19' ],
15 silly audit   '@angular/build': [ '19.2.19' ],
15 silly audit   '@angular/cli': [ '19.2.19' ],
15 silly audit   '@angular/common': [ '19.2.18' ],
15 silly audit   '@angular/compiler': [ '19.2.18' ],
15 silly audit   '@angular/compiler-cli': [ '19.2.18' ],
15 silly audit   '@babel/core': [ '7.26.9', '7.26.10' ],
15 silly audit   'convert-source-map': [ '2.0.0', '1.9.0' ],
15 silly audit   semver: [ '6.3.1', '5.7.2', '7.7.1' ],
15 silly audit   '@angular/core': [ '19.2.18' ],
15 silly audit   '@angular/forms': [ '19.2.18' ],
15 silly audit   '@angular/platform-browser': [ '19.2.18' ],
15 silly audit   '@angular/platform-browser-dynamic': [ '19.2.18' ],
15 silly audit   '@angular/router': [ '19.2.18' ],
15 silly audit   '@babel/code-frame': [ '7.28.6' ],
15 silly audit   '@babel/compat-data': [ '7.28.6' ],
15 silly audit   '@babel/generator': [ '7.26.10', '7.28.6' ],
15 silly audit   '@babel/helper-annotate-as-pure': [ '7.25.9', '7.27.3' ],
15 silly audit   '@babel/helper-compilation-targets': [ '7.28.6' ],
15 silly audit   '@babel/helper-create-class-features-plugin': [ '7.28.6' ],
15 silly audit   '@babel/helper-create-regexp-features-plugin': [ '7.28.5' ],
15 silly audit   '@babel/helper-define-polyfill-provider': [ '0.6.6' ],
15 silly audit   resolve: [ '1.22.11', '1.22.10' ],
15 silly audit   '@babel/helper-globals': [ '7.28.0' ],
15 silly audit   '@babel/helper-member-expression-to-functions': [ '7.28.5' ],
15 silly audit   '@babel/helper-module-imports': [ '7.28.6' ],
15 silly audit   '@babel/helper-module-transforms': [ '7.28.6' ],
15 silly audit   '@babel/helper-optimise-call-expression': [ '7.27.1' ],
15 silly audit   '@babel/helper-plugin-utils': [ '7.28.6' ],
15 silly audit   '@babel/helper-remap-async-to-generator': [ '7.27.1' ],
15 silly audit   '@babel/helper-replace-supers': [ '7.28.6' ],
15 silly audit   '@babel/helper-skip-transparent-expression-wrappers': [ '7.27.1' ],
15 silly audit   '@babel/helper-split-export-declaration': [ '7.24.7' ],
15 silly audit   '@babel/helper-string-parser': [ '7.27.1' ],
15 silly audit   '@babel/helper-validator-identifier': [ '7.28.5' ],
15 silly audit   '@babel/helper-validator-option': [ '7.27.1' ],
15 silly audit   '@babel/helper-wrap-function': [ '7.28.6' ],
15 silly audit   '@babel/helpers': [ '7.28.6' ],
15 silly audit   '@babel/parser': [ '7.28.6' ],
15 silly audit   '@babel/plugin-bugfix-firefox-class-in-computed-class-key': [ '7.28.5' ],
15 silly audit   '@babel/plugin-bugfix-safari-class-field-initializer-scope': [ '7.27.1' ],
15 silly audit   '@babel/plugin-bugfix-safari-id-destructuring-collision-in-function-expression': [ '7.27.1' ],
15 silly audit   '@babel/plugin-bugfix-v8-spread-parameters-in-optional-chaining': [ '7.27.1' ],
15 silly audit   '@babel/plugin-bugfix-v8-static-class-fields-redefine-readonly': [ '7.28.6' ],
15 silly audit   '@babel/plugin-proposal-private-property-in-object': [ '7.21.0-placeholder-for-preset-env.2' ],
15 silly audit   '@babel/plugin-syntax-import-assertions': [ '7.28.6' ],
15 silly audit   '@babel/plugin-syntax-import-attributes': [ '7.26.0' ],
15 silly audit   '@babel/plugin-syntax-unicode-sets-regex': [ '7.18.6' ],
15 silly audit   '@babel/plugin-transform-arrow-functions': [ '7.27.1' ],
15 silly audit   '@babel/plugin-transform-async-generator-functions': [ '7.26.8' ],
15 silly audit   '@babel/plugin-transform-async-to-generator': [ '7.25.9' ],
15 silly audit   '@babel/plugin-transform-block-scoped-functions': [ '7.27.1' ],
15 silly audit   '@babel/plugin-transform-block-scoping': [ '7.28.6' ],
15 silly audit   '@babel/plugin-transform-class-properties': [ '7.28.6' ],
15 silly audit   '@babel/plugin-transform-class-static-block': [ '7.28.6' ],
15 silly audit   '@babel/plugin-transform-classes': [ '7.28.6' ],
15 silly audit   '@babel/plugin-transform-computed-properties': [ '7.28.6' ],
15 silly audit   '@babel/plugin-transform-destructuring': [ '7.28.5' ],
15 silly audit   '@babel/plugin-transform-dotall-regex': [ '7.28.6' ],
15 silly audit   '@babel/plugin-transform-duplicate-keys': [ '7.27.1' ],
15 silly audit   '@babel/plugin-transform-duplicate-named-capturing-groups-regex': [ '7.28.6' ],
15 silly audit   '@babel/plugin-transform-dynamic-import': [ '7.27.1' ],
15 silly audit   '@babel/plugin-transform-exponentiation-operator': [ '7.28.6' ],
15 silly audit   '@babel/plugin-transform-export-namespace-from': [ '7.27.1' ],
15 silly audit   '@babel/plugin-transform-for-of': [ '7.27.1' ],
15 silly audit   '@babel/plugin-transform-function-name': [ '7.27.1' ],
15 silly audit   '@babel/plugin-transform-json-strings': [ '7.28.6' ],
15 silly audit   '@babel/plugin-transform-literals': [ '7.27.1' ],
15 silly audit   '@babel/plugin-transform-logical-assignment-operators': [ '7.28.6' ],
15 silly audit   '@babel/plugin-transform-member-expression-literals': [ '7.27.1' ],
15 silly audit   '@babel/plugin-transform-modules-amd': [ '7.27.1' ],
15 silly audit   '@babel/plugin-transform-modules-commonjs': [ '7.28.6' ],
15 silly audit   '@babel/plugin-transform-modules-systemjs': [ '7.28.5' ],
15 silly audit   '@babel/plugin-transform-modules-umd': [ '7.27.1' ],
15 silly audit   '@babel/plugin-transform-named-capturing-groups-regex': [ '7.27.1' ],
15 silly audit   '@babel/plugin-transform-new-target': [ '7.27.1' ],
15 silly audit   '@babel/plugin-transform-nullish-coalescing-operator': [ '7.28.6' ],
15 silly audit   '@babel/plugin-transform-numeric-separator': [ '7.28.6' ],
15 silly audit   '@babel/plugin-transform-object-rest-spread': [ '7.28.6' ],
15 silly audit   '@babel/plugin-transform-object-super': [ '7.27.1' ],
15 silly audit   '@babel/plugin-transform-optional-catch-binding': [ '7.28.6' ],
15 silly audit   '@babel/plugin-transform-optional-chaining': [ '7.28.6' ],
15 silly audit   '@babel/plugin-transform-parameters': [ '7.27.7' ],
15 silly audit   '@babel/plugin-transform-private-methods': [ '7.28.6' ],
15 silly audit   '@babel/plugin-transform-private-property-in-object': [ '7.28.6' ],
15 silly audit   '@babel/plugin-transform-property-literals': [ '7.27.1' ],
15 silly audit   '@babel/plugin-transform-regenerator': [ '7.28.6' ],
15 silly audit   '@babel/plugin-transform-regexp-modifiers': [ '7.28.6' ],
15 silly audit   '@babel/plugin-transform-reserved-words': [ '7.27.1' ],
15 silly audit   '@babel/plugin-transform-runtime': [ '7.26.10' ],
15 silly audit   '@babel/plugin-transform-shorthand-properties': [ '7.27.1' ],
15 silly audit   '@babel/plugin-transform-spread': [ '7.28.6' ],
15 silly audit   '@babel/plugin-transform-sticky-regex': [ '7.27.1' ],
15 silly audit   '@babel/plugin-transform-template-literals': [ '7.27.1' ],
15 silly audit   '@babel/plugin-transform-typeof-symbol': [ '7.27.1' ],
15 silly audit   '@babel/plugin-transform-unicode-escapes': [ '7.27.1' ],
15 silly audit   '@babel/plugin-transform-unicode-property-regex': [ '7.28.6' ],
15 silly audit   '@babel/plugin-transform-unicode-regex': [ '7.27.1' ],
15 silly audit   '@babel/plugin-transform-unicode-sets-regex': [ '7.28.6' ],
15 silly audit   '@babel/preset-env': [ '7.26.9' ],
15 silly audit   '@babel/preset-modules': [ '0.1.6-no-external-plugins' ],
15 silly audit   '@babel/runtime': [ '7.26.10' ],
15 silly audit   '@babel/template': [ '7.28.6' ],
15 silly audit   '@babel/traverse': [ '7.28.6' ],
15 silly audit   '@babel/types': [ '7.28.6' ],
15 silly audit   '@colors/colors': [ '1.5.0' ],
15 silly audit   '@discoveryjs/json-ext': [ '0.6.3' ],
15 silly audit   '@esbuild/aix-ppc64': [ '0.25.4' ],
15 silly audit   '@esbuild/android-arm': [ '0.25.4' ],
15 silly audit   '@esbuild/android-arm64': [ '0.25.4' ],
15 silly audit   '@esbuild/android-x64': [ '0.25.4' ],
15 silly audit   '@esbuild/darwin-arm64': [ '0.25.4' ],
15 silly audit   '@esbuild/darwin-x64': [ '0.25.4' ],
15 silly audit   '@esbuild/freebsd-arm64': [ '0.25.4' ],
15 silly audit   '@esbuild/freebsd-x64': [ '0.25.4' ],
15 silly audit   '@esbuild/linux-arm': [ '0.25.4' ],
15 silly audit   '@esbuild/linux-arm64': [ '0.25.4' ],
15 silly audit   '@esbuild/linux-ia32': [ '0.25.4' ],
15 silly audit   '@esbuild/linux-loong64': [ '0.25.4' ],
15 silly audit   '@esbuild/linux-mips64el': [ '0.25.4' ],
15 silly audit   '@esbuild/linux-ppc64': [ '0.25.4' ],
15 silly audit   '@esbuild/linux-riscv64': [ '0.25.4' ],
15 silly audit   '@esbuild/linux-s390x': [ '0.25.4' ],
15 silly audit   '@esbuild/linux-x64': [ '0.25.4' ],
15 silly audit   '@esbuild/netbsd-arm64': [ '0.25.4' ],
15 silly audit   '@esbuild/netbsd-x64': [ '0.25.4' ],
15 silly audit   '@esbuild/openbsd-arm64': [ '0.25.4' ],
15 silly audit   '@esbuild/openbsd-x64': [ '0.25.4' ],
15 silly audit   '@esbuild/sunos-x64': [ '0.25.4' ],
15 silly audit   '@esbuild/win32-arm64': [ '0.25.4' ],
15 silly audit   '@esbuild/win32-ia32': [ '0.25.4' ],
15 silly audit   '@esbuild/win32-x64': [ '0.25.4' ],
15 silly audit   '@inquirer/ansi': [ '1.0.2' ],
15 silly audit   '@inquirer/checkbox': [ '4.3.2' ],
15 silly audit   '@inquirer/confirm': [ '5.1.6' ],
15 silly audit   '@inquirer/core': [ '10.3.2' ],
15 silly audit   '@inquirer/editor': [ '4.2.23' ],
15 silly audit   '@inquirer/expand': [ '4.0.23' ],
15 silly audit   '@inquirer/external-editor': [ '1.0.3' ],
15 silly audit   '@inquirer/figures': [ '1.0.15' ],
15 silly audit   '@inquirer/input': [ '4.3.1' ],
15 silly audit   '@inquirer/number': [ '3.0.23' ],
15 silly audit   '@inquirer/password': [ '4.0.23' ],
15 silly audit   '@inquirer/prompts': [ '7.3.2' ],
15 silly audit   '@inquirer/rawlist': [ '4.1.11' ],
15 silly audit   '@inquirer/search': [ '3.2.2' ],
15 silly audit   '@inquirer/select': [ '4.4.2' ],
15 silly audit   '@inquirer/type': [ '3.0.10', '1.5.5' ],
15 silly audit   '@isaacs/cliui': [ '8.0.2' ],
15 silly audit   'ansi-styles': [ '6.2.3', '4.3.0' ],
15 silly audit   'emoji-regex': [ '9.2.2', '8.0.0', '10.6.0' ],
15 silly audit   'string-width': [ '5.1.2', '4.2.3', '7.2.0' ],
15 silly audit   'wrap-ansi': [ '8.1.0', '7.0.0', '9.0.2', '6.2.0' ],
15 silly audit   '@isaacs/fs-minipass': [ '4.0.1' ],
15 silly audit   '@istanbuljs/schema': [ '0.1.3' ],
15 silly audit   '@jridgewell/gen-mapping': [ '0.3.13' ],
15 silly audit   '@jridgewell/resolve-uri': [ '3.1.2' ],
15 silly audit   '@jridgewell/source-map': [ '0.3.11' ],
15 silly audit   '@jridgewell/sourcemap-codec': [ '1.5.5' ],
15 silly audit   '@jridgewell/trace-mapping': [ '0.3.31' ],
15 silly audit   '@jsonjoy.com/base64': [ '1.1.2', '17.65.0' ],
15 silly audit   '@jsonjoy.com/buffers': [ '17.65.0', '1.2.1' ],
15 silly audit   '@jsonjoy.com/codegen': [ '1.0.0', '17.65.0' ],
15 silly audit   '@jsonjoy.com/fs-core': [ '4.56.10' ],
15 silly audit   '@jsonjoy.com/fs-fsa': [ '4.56.10' ],
15 silly audit   '@jsonjoy.com/fs-node': [ '4.56.10' ],
15 silly audit   '@jsonjoy.com/fs-node-builtins': [ '4.56.10' ],
15 silly audit   '@jsonjoy.com/fs-node-to-fsa': [ '4.56.10' ],
15 silly audit   '@jsonjoy.com/fs-node-utils': [ '4.56.10' ],
15 silly audit   '@jsonjoy.com/fs-print': [ '4.56.10' ],
15 silly audit   '@jsonjoy.com/fs-snapshot': [ '4.56.10' ],
15 silly audit   '@jsonjoy.com/json-pack': [ '17.65.0', '1.21.0' ],
15 silly audit   '@jsonjoy.com/json-pointer': [ '17.65.0', '1.0.2' ],
15 silly audit   '@jsonjoy.com/util': [ '17.65.0', '1.9.0' ],
15 silly audit   '@leichtgewicht/ip-codec': [ '2.0.5' ],
15 silly audit   '@listr2/prompt-adapter-inquirer': [ '2.0.18' ],
15 silly audit   'mute-stream': [ '1.0.0', '2.0.0' ],
15 silly audit   '@lmdb/lmdb-darwin-arm64': [ '3.2.6' ],
15 silly audit   '@lmdb/lmdb-darwin-x64': [ '3.2.6' ],
15 silly audit   '@lmdb/lmdb-linux-arm': [ '3.2.6' ],
15 silly audit   '@lmdb/lmdb-linux-arm64': [ '3.2.6' ],
15 silly audit   '@lmdb/lmdb-linux-x64': [ '3.2.6' ],
15 silly audit   '@lmdb/lmdb-win32-x64': [ '3.2.6' ],
15 silly audit   '@msgpackr-extract/msgpackr-extract-darwin-arm64': [ '3.0.3' ],
15 silly audit   '@msgpackr-extract/msgpackr-extract-darwin-x64': [ '3.0.3' ],
15 silly audit   '@msgpackr-extract/msgpackr-extract-linux-arm': [ '3.0.3' ],
15 silly audit   '@msgpackr-extract/msgpackr-extract-linux-arm64': [ '3.0.3' ],
15 silly audit   '@msgpackr-extract/msgpackr-extract-linux-x64': [ '3.0.3' ],
15 silly audit   '@msgpackr-extract/msgpackr-extract-win32-x64': [ '3.0.3' ],
15 silly audit   '@napi-rs/nice': [ '1.1.1' ],
15 silly audit   '@napi-rs/nice-android-arm-eabi': [ '1.1.1' ],
15 silly audit   '@napi-rs/nice-android-arm64': [ '1.1.1' ],
15 silly audit   '@napi-rs/nice-darwin-arm64': [ '1.1.1' ],
15 silly audit   '@napi-rs/nice-darwin-x64': [ '1.1.1' ],
15 silly audit   '@napi-rs/nice-freebsd-x64': [ '1.1.1' ],
15 silly audit   '@napi-rs/nice-linux-arm-gnueabihf': [ '1.1.1' ],
15 silly audit   '@napi-rs/nice-linux-arm64-gnu': [ '1.1.1' ],
15 silly audit   '@napi-rs/nice-linux-arm64-musl': [ '1.1.1' ],
15 silly audit   '@napi-rs/nice-linux-ppc64-gnu': [ '1.1.1' ],
15 silly audit   '@napi-rs/nice-linux-riscv64-gnu': [ '1.1.1' ],
15 silly audit   '@napi-rs/nice-linux-s390x-gnu': [ '1.1.1' ],
15 silly audit   '@napi-rs/nice-linux-x64-gnu': [ '1.1.1' ],
15 silly audit   '@napi-rs/nice-linux-x64-musl': [ '1.1.1' ],
15 silly audit   '@napi-rs/nice-openharmony-arm64': [ '1.1.1' ],
15 silly audit   '@napi-rs/nice-win32-arm64-msvc': [ '1.1.1' ],
15 silly audit   '@napi-rs/nice-win32-ia32-msvc': [ '1.1.1' ],
15 silly audit   '@napi-rs/nice-win32-x64-msvc': [ '1.1.1' ],
15 silly audit   '@neondatabase/serverless': [ '1.0.2' ],
15 silly audit   '@types/node': [ '22.19.11', '25.0.10' ],
15 silly audit   'undici-types': [ '6.21.0', '7.16.0' ],
15 silly audit   '@ngtools/webpack': [ '19.2.19' ],
15 silly audit   '@nodelib/fs.scandir': [ '2.1.5' ],
15 silly audit   '@nodelib/fs.stat': [ '2.0.5' ],
15 silly audit   '@nodelib/fs.walk': [ '1.2.8' ],
15 silly audit   '@npmcli/agent': [ '3.0.0' ],
15 silly audit   'lru-cache': [ '10.4.3', '5.1.1' ],
15 silly audit   '@npmcli/fs': [ '4.0.0' ],
15 silly audit   '@npmcli/git': [ '6.0.3' ],
15 silly audit   isexe: [ '3.1.1', '2.0.0' ],
15 silly audit   which: [ '5.0.0', '2.0.2', '1.3.1' ],
15 silly audit   '@npmcli/installed-package-contents': [ '3.0.0' ],
15 silly audit   '@npmcli/node-gyp': [ '4.0.0' ],
15 silly audit   '@npmcli/package-json': [ '6.2.0' ],
15 silly audit   'brace-expansion': [ '2.0.2', '1.1.12' ],
15 silly audit   glob: [ '10.5.0', '7.2.3' ],
15 silly audit   minimatch: [ '9.0.5', '3.1.2' ],
15 silly audit   '@npmcli/promise-spawn': [ '8.0.3' ],
15 silly audit   '@npmcli/redact': [ '3.2.2' ],
15 silly audit   '@npmcli/run-script': [ '9.1.0' ],
15 silly audit   '@parcel/watcher': [ '2.5.6' ],
15 silly audit   '@parcel/watcher-android-arm64': [ '2.5.6' ],
15 silly audit   '@parcel/watcher-darwin-arm64': [ '2.5.6' ],
15 silly audit   '@parcel/watcher-darwin-x64': [ '2.5.6' ],
15 silly audit   '@parcel/watcher-freebsd-x64': [ '2.5.6' ],
15 silly audit   '@parcel/watcher-linux-arm-glibc': [ '2.5.6' ],
15 silly audit   '@parcel/watcher-linux-arm-musl': [ '2.5.6' ],
15 silly audit   '@parcel/watcher-linux-arm64-glibc': [ '2.5.6' ],
15 silly audit   '@parcel/watcher-linux-arm64-musl': [ '2.5.6' ],
15 silly audit   '@parcel/watcher-linux-x64-glibc': [ '2.5.6' ],
15 silly audit   '@parcel/watcher-linux-x64-musl': [ '2.5.6' ],
15 silly audit   '@parcel/watcher-win32-arm64': [ '2.5.6' ],
15 silly audit   '@parcel/watcher-win32-ia32': [ '2.5.6' ],
15 silly audit   '@parcel/watcher-win32-x64': [ '2.5.6' ],
15 silly audit   'node-addon-api': [ '7.1.1', '6.1.0' ],
15 silly audit   picomatch: [ '4.0.3', '2.3.1', '4.0.2' ],
15 silly audit   '@pkgjs/parseargs': [ '0.11.0' ],
15 silly audit   '@rollup/rollup-android-arm-eabi': [ '4.34.8', '4.57.0' ],
15 silly audit   '@rollup/rollup-android-arm64': [ '4.34.8', '4.57.0' ],
15 silly audit   '@rollup/rollup-darwin-arm64': [ '4.34.8', '4.57.0' ],
15 silly audit   '@rollup/rollup-darwin-x64': [ '4.34.8', '4.57.0' ],
15 silly audit   '@rollup/rollup-freebsd-arm64': [ '4.34.8', '4.57.0' ],
15 silly audit   '@rollup/rollup-freebsd-x64': [ '4.34.8', '4.57.0' ],
15 silly audit   '@rollup/rollup-linux-arm-gnueabihf': [ '4.34.8', '4.57.0' ],
15 silly audit   '@rollup/rollup-linux-arm-musleabihf': [ '4.34.8', '4.57.0' ],
15 silly audit   '@rollup/rollup-linux-arm64-gnu': [ '4.34.8', '4.57.0' ],
15 silly audit   '@rollup/rollup-linux-arm64-musl': [ '4.34.8', '4.57.0' ],
15 silly audit   '@rollup/rollup-linux-loong64-gnu': [ '4.57.0' ],
15 silly audit   '@rollup/rollup-linux-loong64-musl': [ '4.57.0' ],
15 silly audit   '@rollup/rollup-linux-loongarch64-gnu': [ '4.34.8' ],
15 silly audit   '@rollup/rollup-linux-powerpc64le-gnu': [ '4.34.8' ],
15 silly audit   '@rollup/rollup-linux-ppc64-gnu': [ '4.57.0' ],
15 silly audit   '@rollup/rollup-linux-ppc64-musl': [ '4.57.0' ],
15 silly audit   '@rollup/rollup-linux-riscv64-gnu': [ '4.34.8', '4.57.0' ],
15 silly audit   '@rollup/rollup-linux-riscv64-musl': [ '4.57.0' ],
15 silly audit   '@rollup/rollup-linux-s390x-gnu': [ '4.34.8', '4.57.0' ],
15 silly audit   '@rollup/rollup-linux-x64-gnu': [ '4.34.8', '4.57.0' ],
15 silly audit   '@rollup/rollup-linux-x64-musl': [ '4.34.8', '4.57.0' ],
15 silly audit   '@rollup/rollup-openbsd-x64': [ '4.57.0' ],
15 silly audit   '@rollup/rollup-openharmony-arm64': [ '4.57.0' ],
15 silly audit   '@rollup/rollup-win32-arm64-msvc': [ '4.34.8', '4.57.0' ],
15 silly audit   '@rollup/rollup-win32-ia32-msvc': [ '4.34.8', '4.57.0' ],
15 silly audit   '@rollup/rollup-win32-x64-gnu': [ '4.57.0' ],
15 silly audit   '@rollup/rollup-win32-x64-msvc': [ '4.34.8', '4.57.0' ],
15 silly audit   '@schematics/angular': [ '19.2.19' ],
15 silly audit   '@sigstore/bundle': [ '3.1.0' ],
15 silly audit   '@sigstore/core': [ '2.0.0' ],
15 silly audit   '@sigstore/protobuf-specs': [ '0.4.3' ],
15 silly audit   '@sigstore/sign': [ '3.1.0' ],
15 silly audit   '@sigstore/tuf': [ '3.1.1' ],
15 silly audit   '@sigstore/verify': [ '2.1.1' ],
15 silly audit   '@sindresorhus/merge-streams': [ '2.3.0' ],
15 silly audit   '@socket.io/component-emitter': [ '3.1.2' ],
15 silly audit   '@tufjs/canonical-json': [ '2.0.0' ],
15 silly audit   '@tufjs/models': [ '3.0.1' ],
15 silly audit   '@types/body-parser': [ '1.19.6' ],
15 silly audit   '@types/bonjour': [ '3.5.13' ],
15 silly audit   '@types/connect': [ '3.4.38' ],
15 silly audit   '@types/connect-history-api-fallback': [ '1.5.4' ],
15 silly audit   '@types/cors': [ '2.8.19' ],
15 silly audit   '@types/eslint': [ '9.6.1' ],
15 silly audit   '@types/eslint-scope': [ '3.7.7' ],
15 silly audit   '@types/estree': [ '1.0.6', '1.0.8' ],
15 silly audit   '@types/express': [ '4.17.25' ],
15 silly audit   '@types/express-serve-static-core': [ '4.19.8' ],
15 silly audit   '@types/http-errors': [ '2.0.5' ],
15 silly audit   '@types/http-proxy': [ '1.17.17' ],
15 silly audit   '@types/jasmine': [ '5.1.15' ],
15 silly audit   '@types/json-schema': [ '7.0.15' ],
15 silly audit   '@types/mime': [ '1.3.5' ],
15 silly audit   '@types/node-forge': [ '1.3.14' ],
15 silly audit   '@types/pg': [ '8.16.0' ],
15 silly audit   '@types/qs': [ '6.14.0' ],
15 silly audit   '@types/range-parser': [ '1.2.7' ],
15 silly audit   '@types/retry': [ '0.12.2' ],
15 silly audit   '@types/send': [ '1.2.1', '0.17.6' ],
15 silly audit   '@types/serve-index': [ '1.9.4' ],
15 silly audit   '@types/serve-static': [ '1.15.10' ],
15 silly audit   '@types/sockjs': [ '0.3.36' ],
15 silly audit   '@types/ws': [ '8.18.1' ],
15 silly audit   '@vitejs/plugin-basic-ssl': [ '1.2.0' ],
15 silly audit   '@webassemblyjs/ast': [ '1.14.1' ],
15 silly audit   '@webassemblyjs/floating-point-hex-parser': [ '1.13.2' ],
15 silly audit   '@webassemblyjs/helper-api-error': [ '1.13.2' ],
15 silly audit   '@webassemblyjs/helper-buffer': [ '1.14.1' ],
15 silly audit   '@webassemblyjs/helper-numbers': [ '1.13.2' ],
15 silly audit   '@webassemblyjs/helper-wasm-bytecode': [ '1.13.2' ],
15 silly audit   '@webassemblyjs/helper-wasm-section': [ '1.14.1' ],
15 silly audit   '@webassemblyjs/ieee754': [ '1.13.2' ],
15 silly audit   '@webassemblyjs/leb128': [ '1.13.2' ],
15 silly audit   '@webassemblyjs/utf8': [ '1.13.2' ],
15 silly audit   '@webassemblyjs/wasm-edit': [ '1.14.1' ],
15 silly audit   '@webassemblyjs/wasm-gen': [ '1.14.1' ],
15 silly audit   '@webassemblyjs/wasm-opt': [ '1.14.1' ],
15 silly audit   '@webassemblyjs/wasm-parser': [ '1.14.1' ],
15 silly audit   '@webassemblyjs/wast-printer': [ '1.14.1' ],
15 silly audit   '@xtuc/ieee754': [ '1.2.0' ],
15 silly audit   '@xtuc/long': [ '4.2.2' ],
15 silly audit   '@yarnpkg/lockfile': [ '1.1.0' ],
15 silly audit   abbrev: [ '3.0.1' ],
15 silly audit   accepts: [ '1.3.8' ],
15 silly audit   negotiator: [ '0.6.3', '0.6.4', '1.0.0' ],
15 silly audit   acorn: [ '8.15.0' ],
15 silly audit   'adjust-sourcemap-loader': [ '4.0.0' ],
15 silly audit   'loader-utils': [ '2.0.4', '3.3.1' ],
15 silly audit   'agent-base': [ '7.1.4' ],
15 silly audit   ajv: [ '8.17.1' ],
15 silly audit   'ajv-formats': [ '3.0.1', '2.1.1' ],
15 silly audit   'ajv-keywords': [ '5.1.0' ],
15 silly audit   'ansi-colors': [ '4.1.3' ],
15 silly audit   'ansi-escapes': [ '7.2.0' ],
15 silly audit   'ansi-html-community': [ '0.0.8' ],
15 silly audit   'ansi-regex': [ '6.2.2', '5.0.1' ],
15 silly audit   anymatch: [ '3.1.3' ],
15 silly audit   'append-field': [ '1.0.0' ],
15 silly audit   argparse: [ '2.0.1' ],
15 silly audit   'array-flatten': [ '1.1.1' ],
15 silly audit   autoprefixer: [ '10.4.20' ],
15 silly audit   'babel-loader': [ '9.2.1' ],
15 silly audit   'babel-plugin-polyfill-corejs2': [ '0.4.15' ],
15 silly audit   'babel-plugin-polyfill-corejs3': [ '0.11.1' ],
15 silly audit   'babel-plugin-polyfill-regenerator': [ '0.6.6' ],
15 silly audit   'balanced-match': [ '1.0.2' ],
15 silly audit   'base64-js': [ '1.5.1' ],
15 silly audit   base64id: [ '2.0.0' ],
15 silly audit   'baseline-browser-mapping': [ '2.9.18' ],
15 silly audit   batch: [ '0.6.1' ],
15 silly audit   beasties: [ '0.3.2' ],
15 silly audit   'big.js': [ '5.2.2' ],
15 silly audit   'binary-extensions': [ '2.3.0' ],
15 silly audit   bl: [ '4.1.0' ],
15 silly audit   'body-parser': [ '1.20.4' ],
15 silly audit   debug: [ '2.6.9', '4.4.3' ],
15 silly audit   'iconv-lite': [ '0.4.24', '0.6.3', '0.7.2' ],
15 silly audit   ms: [ '2.0.0', '2.1.3' ],
15 silly audit   'bonjour-service': [ '1.3.0' ],
15 silly audit   boolbase: [ '1.0.0' ],
15 silly audit   braces: [ '3.0.3' ],
15 silly audit   browserslist: [ '4.28.1' ],
15 silly audit   buffer: [ '5.7.1' ],
15 silly audit   'buffer-equal-constant-time': [ '1.0.1' ],
15 silly audit   'buffer-from': [ '1.1.2' ],
15 silly audit   'bundle-name': [ '4.1.0' ],
15 silly audit   busboy: [ '1.6.0' ],
15 silly audit   bytes: [ '3.1.2' ],
15 silly audit   cacache: [ '19.0.1' ],
15 silly audit   chownr: [ '3.0.0', '2.0.0' ],
15 silly audit   tar: [ '7.5.7', '6.2.1' ],
15 silly audit   yallist: [ '5.0.0', '4.0.0', '3.1.1' ],
15 silly audit   'call-bind-apply-helpers': [ '1.0.2' ],
15 silly audit   'call-bound': [ '1.0.4' ],
15 silly audit   callsites: [ '3.1.0' ],
15 silly audit   'caniuse-lite': [ '1.0.30001766' ],
15 silly audit   chalk: [ '4.1.2' ],
15 silly audit   chardet: [ '2.1.1' ],
15 silly audit   chokidar: [ '4.0.3', '3.6.0' ],
15 silly audit   'chrome-trace-event': [ '1.0.4' ],
15 silly audit   'cli-cursor': [ '5.0.0', '3.1.0' ],
15 silly audit   'cli-spinners': [ '2.9.2' ],
15 silly audit   'cli-truncate': [ '4.0.0' ],
15 silly audit   'cli-width': [ '4.1.0' ],
15 silly audit   cliui: [ '8.0.1', '7.0.4' ],
15 silly audit   'is-fullwidth-code-point': [ '3.0.0', '4.0.0', '5.1.0' ],
15 silly audit   'strip-ansi': [ '6.0.1', '7.1.2' ],
15 silly audit   clone: [ '1.0.4' ],
15 silly audit   'clone-deep': [ '4.0.1' ],
15 silly audit   'is-plain-object': [ '2.0.4', '5.0.0' ],
15 silly audit   'color-convert': [ '2.0.1' ],
15 silly audit   'color-name': [ '1.1.4' ],
15 silly audit   colorette: [ '2.0.20' ],
15 silly audit   commander: [ '2.20.3' ],
15 silly audit   'common-path-prefix': [ '3.0.0' ],
15 silly audit   compressible: [ '2.0.18' ],
15 silly audit   compression: [ '1.8.1' ],
15 silly audit   'concat-map': [ '0.0.1' ],
15 silly audit   'concat-stream': [ '1.6.2' ],
15 silly audit   'readable-stream': [ '2.3.8', '3.6.2' ],
15 silly audit   'safe-buffer': [ '5.1.2', '5.2.1' ],
15 silly audit   string_decoder: [ '1.1.1', '1.3.0' ],
15 silly audit   concurrently: [ '9.2.1' ],
15 silly audit   'supports-color': [ '8.1.1', '7.2.0' ],
15 silly audit   connect: [ '3.7.0' ],
15 silly audit   'connect-history-api-fallback': [ '2.0.0' ],
15 silly audit   'content-disposition': [ '0.5.4' ],
15 silly audit   'content-type': [ '1.0.5' ],
15 silly audit   cookie: [ '0.7.2' ],
15 silly audit   'cookie-signature': [ '1.0.7' ],
15 silly audit   'copy-anything': [ '2.0.6' ],
15 silly audit   'copy-webpack-plugin': [ '12.0.2' ],
15 silly audit   'core-js-compat': [ '3.48.0' ],
15 silly audit   'core-util-is': [ '1.0.3' ],
15 silly audit   cors: [ '2.8.6' ],
15 silly audit   cosmiconfig: [ '9.0.0' ],
15 silly audit   'cross-spawn': [ '7.0.6' ],
15 silly audit   'css-loader': [ '7.1.2' ],
15 silly audit   'css-select': [ '5.2.2' ],
15 silly audit   'css-what': [ '6.2.2' ],
15 silly audit   cssesc: [ '3.0.0' ],
15 silly audit   'custom-event': [ '1.0.1' ],
15 silly audit   'date-format': [ '4.0.14' ],
15 silly audit   'default-browser': [ '5.4.0' ],
15 silly audit   'default-browser-id': [ '5.0.1' ],
15 silly audit   defaults: [ '1.0.4' ],
15 silly audit   'define-lazy-prop': [ '3.0.0' ],
15 silly audit   depd: [ '2.0.0', '1.1.2' ],
15 silly audit   destroy: [ '1.2.0' ],
15 silly audit   'detect-libc': [ '2.1.2' ],
15 silly audit   'detect-node': [ '2.1.0' ],
15 silly audit   di: [ '0.0.1' ],
15 silly audit   'dns-packet': [ '5.6.1' ],
15 silly audit   'dom-serialize': [ '2.2.1' ],
15 silly audit   'dom-serializer': [ '2.0.0' ],
15 silly audit   domelementtype: [ '2.3.0' ],
15 silly audit   domhandler: [ '5.0.3' ],
15 silly audit   domutils: [ '3.2.2' ],
15 silly audit   dotenv: [ '16.6.1' ],
15 silly audit   'dunder-proto': [ '1.0.1' ],
15 silly audit   eastasianwidth: [ '0.2.0' ],
15 silly audit   'ecdsa-sig-formatter': [ '1.0.11' ],
15 silly audit   'ee-first': [ '1.1.1' ],
15 silly audit   'electron-to-chromium': [ '1.5.279' ],
15 silly audit   'emojis-list': [ '3.0.0' ],
15 silly audit   encodeurl: [ '1.0.2', '2.0.0' ],
15 silly audit   encoding: [ '0.1.13' ],
15 silly audit   'engine.io': [ '6.6.5' ],
15 silly audit   'engine.io-parser': [ '5.2.3' ],
15 silly audit   'enhanced-resolve': [ '5.18.4' ],
15 silly audit   ent: [ '2.2.2' ],
15 silly audit   entities: [ '4.5.0', '7.0.1', '6.0.1' ],
15 silly audit   'env-paths': [ '2.2.1' ],
15 silly audit   environment: [ '1.1.0' ],
15 silly audit   'err-code': [ '2.0.3' ],
15 silly audit   errno: [ '0.1.8' ],
15 silly audit   'error-ex': [ '1.3.4' ],
15 silly audit   'es-define-property': [ '1.0.1' ],
15 silly audit   'es-errors': [ '1.3.0' ],
15 silly audit   'es-module-lexer': [ '1.7.0' ],
15 silly audit   'es-object-atoms': [ '1.1.1' ],
15 silly audit   esbuild: [ '0.25.4' ],
15 silly audit   'esbuild-wasm': [ '0.25.4' ],
15 silly audit   escalade: [ '3.2.0' ],
15 silly audit   'escape-html': [ '1.0.3' ],
15 silly audit   'eslint-scope': [ '5.1.1' ],
15 silly audit   esrecurse: [ '4.3.0' ],
15 silly audit   estraverse: [ '5.3.0', '4.3.0' ],
15 silly audit   esutils: [ '2.0.3' ],
15 silly audit   etag: [ '1.8.1' ],
15 silly audit   eventemitter3: [ '4.0.7', '5.0.4' ],
15 silly audit   events: [ '3.3.0' ],
15 silly audit   'exponential-backoff': [ '3.1.3' ],
15 silly audit   express: [ '4.22.1' ],
15 silly audit   finalhandler: [ '1.3.2', '1.1.2' ],
15 silly audit   statuses: [ '2.0.2', '1.5.0' ],
15 silly audit   extend: [ '3.0.2' ],
15 silly audit   'fast-deep-equal': [ '3.1.3' ],
15 silly audit   'fast-glob': [ '3.3.3' ],
15 silly audit   'glob-parent': [ '5.1.2', '6.0.2' ],
15 silly audit   'fast-uri': [ '3.1.0' ],
15 silly audit   fastq: [ '1.20.1' ],
15 silly audit   'faye-websocket': [ '0.11.4' ],
15 silly audit   fdir: [ '6.5.0' ],
15 silly audit   'fill-range': [ '7.1.1' ],
15 silly audit   'on-finished': [ '2.3.0', '2.4.1' ],
15 silly audit   'find-cache-dir': [ '4.0.0' ],
15 silly audit   'find-up': [ '6.3.0' ],
15 silly audit   flat: [ '5.0.2' ],
15 silly audit   flatted: [ '3.3.3' ],
15 silly audit   'follow-redirects': [ '1.15.11' ],
15 silly audit   'foreground-child': [ '3.3.1' ],
15 silly audit   forwarded: [ '0.2.0' ],
15 silly audit   'fraction.js': [ '4.3.7' ],
15 silly audit   fresh: [ '0.5.2' ],
15 silly audit   'fs-extra': [ '8.1.0' ],
15 silly audit   'fs-minipass': [ '3.0.3', '2.1.0' ],
15 silly audit   'fs.realpath': [ '1.0.0' ],
15 silly audit   fsevents: [ '2.3.3' ],
15 silly audit   'function-bind': [ '1.1.2' ],
15 silly audit   gensync: [ '1.0.0-beta.2' ],
15 silly audit   'get-caller-file': [ '2.0.5' ],
15 silly audit   'get-east-asian-width': [ '1.4.0' ],
15 silly audit   'get-intrinsic': [ '1.3.0' ],
15 silly audit   'get-proto': [ '1.0.1' ],
15 silly audit   'glob-to-regex.js': [ '1.2.0' ],
15 silly audit   'glob-to-regexp': [ '0.4.1' ],
15 silly audit   globby: [ '14.1.0' ],
15 silly audit   gopd: [ '1.2.0' ],
15 silly audit   'graceful-fs': [ '4.2.11' ],
15 silly audit   'handle-thing': [ '2.0.1' ],
15 silly audit   'has-flag': [ '4.0.0' ],
15 silly audit   'has-symbols': [ '1.1.0' ],
15 silly audit   'has-tostringtag': [ '1.0.2' ],
15 silly audit   hasown: [ '2.0.2' ],
15 silly audit   'hosted-git-info': [ '8.1.0' ],
15 silly audit   'hpack.js': [ '2.1.6' ],
15 silly audit   'html-escaper': [ '2.0.2' ],
15 silly audit   htmlparser2: [ '10.1.0' ],
15 silly audit   'http-cache-semantics': [ '4.2.0' ],
15 silly audit   'http-deceiver': [ '1.2.7' ],
15 silly audit   'http-errors': [ '2.0.1', '1.8.1' ],
15 silly audit   'http-parser-js': [ '0.5.10' ],
15 silly audit   'http-proxy': [ '1.18.1' ],
15 silly audit   'http-proxy-agent': [ '7.0.2' ],
15 silly audit   'http-proxy-middleware': [ '3.0.5', '2.0.9' ],
15 silly audit   'https-proxy-agent': [ '7.0.6' ],
15 silly audit   hyperdyperid: [ '1.2.0' ],
15 silly audit   'icss-utils': [ '5.1.0' ],
15 silly audit   ieee754: [ '1.2.1' ],
15 silly audit   ignore: [ '7.0.5' ],
15 silly audit   'ignore-walk': [ '7.0.0' ],
15 silly audit   'image-size': [ '0.5.5' ],
15 silly audit   immutable: [ '5.1.4' ],
15 silly audit   'import-fresh': [ '3.3.1' ],
15 silly audit   imurmurhash: [ '0.1.4' ],
15 silly audit   inflight: [ '1.0.6' ],
15 silly audit   inherits: [ '2.0.4' ],
15 silly audit   ini: [ '5.0.0' ],
15 silly audit   'ip-address': [ '10.1.0' ],
15 silly audit   'ipaddr.js': [ '2.3.0', '1.9.1' ],
15 silly audit   'is-arrayish': [ '0.2.1' ],
15 silly audit   'is-binary-path': [ '2.1.0' ],
15 silly audit   'is-core-module': [ '2.16.1' ],
15 silly audit   'is-docker': [ '3.0.0' ],
15 silly audit   'is-extglob': [ '2.1.1' ],
15 silly audit   'is-glob': [ '4.0.3' ],
15 silly audit   'is-inside-container': [ '1.0.0' ],
15 silly audit   'is-interactive': [ '1.0.0' ],
15 silly audit   'is-network-error': [ '1.3.0' ],
15 silly audit   'is-number': [ '7.0.0' ],
15 silly audit   'is-plain-obj': [ '3.0.0' ],
15 silly audit   'is-regex': [ '1.2.1' ],
15 silly audit   'is-unicode-supported': [ '0.1.0' ],
15 silly audit   'is-what': [ '3.14.1' ],
15 silly audit   'is-wsl': [ '3.1.0' ],
15 silly audit   isarray: [ '1.0.0' ],
15 silly audit   isbinaryfile: [ '4.0.10' ],
15 silly audit   isobject: [ '3.0.1' ],
15 silly audit   'istanbul-lib-coverage': [ '3.2.2' ],
15 silly audit   'istanbul-lib-instrument': [ '6.0.3', '5.2.1' ],
15 silly audit   'istanbul-lib-report': [ '3.0.1' ],
15 silly audit   'istanbul-lib-source-maps': [ '4.0.1' ],
15 silly audit   'source-map': [ '0.6.1', '0.7.4' ],
15 silly audit   'istanbul-reports': [ '3.2.0' ],
15 silly audit   jackspeak: [ '3.4.3' ],
15 silly audit   'jasmine-core': [ '5.6.0', '4.6.1' ],
15 silly audit   'jest-worker': [ '27.5.1' ],
15 silly audit   jiti: [ '1.21.7' ],
15 silly audit   'js-tokens': [ '4.0.0' ],
15 silly audit   'js-yaml': [ '4.1.1' ],
15 silly audit   jsesc: [ '3.1.0' ],
15 silly audit   'json-parse-even-better-errors': [ '4.0.0', '2.3.1' ],
15 silly audit   'json-schema-traverse': [ '1.0.0' ],
15 silly audit   json5: [ '2.2.3' ],
15 silly audit   'jsonc-parser': [ '3.3.1' ],
15 silly audit   jsonfile: [ '4.0.0' ],
15 silly audit   jsonparse: [ '1.3.1' ],
15 silly audit   jsonwebtoken: [ '9.0.3' ],
15 silly audit   jwa: [ '2.0.1' ],
15 silly audit   jws: [ '4.0.1' ],
15 silly audit   karma: [ '6.4.4' ],
15 silly audit   'karma-chrome-launcher': [ '3.2.0' ],
15 silly audit   'karma-coverage': [ '2.2.1' ],
15 silly audit   'karma-jasmine': [ '5.1.0' ],
15 silly audit   'karma-jasmine-html-reporter': [ '2.1.0' ],
15 silly audit   'karma-source-map-support': [ '1.4.0' ],
15 silly audit   readdirp: [ '3.6.0', '4.1.2' ],
15 silly audit   yargs: [ '16.2.0', '17.7.2' ],
15 silly audit   'yargs-parser': [ '20.2.9', '21.1.1' ],
15 silly audit   'kind-of': [ '6.0.3' ],
15 silly audit   'launch-editor': [ '2.12.0' ],
15 silly audit   less: [ '4.2.2' ],
15 silly audit   'less-loader': [ '12.2.0' ],
15 silly audit   'make-dir': [ '2.1.0', '4.0.0' ],
15 silly audit   mime: [ '1.6.0', '2.6.0' ],
15 silly audit   'license-webpack-plugin': [ '4.0.2' ],
15 silly audit   'lines-and-columns': [ '1.2.4' ],
15 silly audit   listr2: [ '8.2.5' ],
15 silly audit   lmdb: [ '3.2.6' ],
15 silly audit   'loader-runner': [ '4.3.1' ],
15 silly audit   'locate-path': [ '7.2.0' ],
15 silly audit   lodash: [ '4.17.23' ],
15 silly audit   'lodash.debounce': [ '4.0.8' ],
15 silly audit   'lodash.includes': [ '4.3.0' ],
15 silly audit   'lodash.isboolean': [ '3.0.3' ],
15 silly audit   'lodash.isinteger': [ '4.0.4' ],
15 silly audit   'lodash.isnumber': [ '3.0.3' ],
15 silly audit   'lodash.isplainobject': [ '4.0.6' ],
15 silly audit   'lodash.isstring': [ '4.0.1' ],
15 silly audit   'lodash.once': [ '4.1.1' ],
15 silly audit   'log-symbols': [ '4.1.0' ],
15 silly audit   'log-update': [ '6.1.0' ],
15 silly audit   'slice-ansi': [ '7.1.2', '5.0.0' ],
15 silly audit   log4js: [ '6.9.1' ],
15 silly audit   'magic-string': [ '0.30.17' ],
15 silly audit   'make-fetch-happen': [ '14.0.3' ],
15 silly audit   'math-intrinsics': [ '1.1.0' ],
15 silly audit   'media-typer': [ '0.3.0' ],
15 silly audit   memfs: [ '4.56.10' ],
15 silly audit   'merge-descriptors': [ '1.0.3' ],
15 silly audit   'merge-stream': [ '2.0.0' ],
15 silly audit   merge2: [ '1.4.1' ],
15 silly audit   methods: [ '1.1.2' ],
15 silly audit   micromatch: [ '4.0.8' ],
15 silly audit   'mime-db': [ '1.52.0' ],
15 silly audit   'mime-types': [ '2.1.35' ],
15 silly audit   'mimic-fn': [ '2.1.0' ],
15 silly audit   'mimic-function': [ '5.0.1' ],
15 silly audit   'mini-css-extract-plugin': [ '2.9.2' ],
15 silly audit   'minimalistic-assert': [ '1.0.1' ],
15 silly audit   minimist: [ '1.2.8' ],
15 silly audit   minipass: [ '7.1.2', '3.3.6', '5.0.0' ],
15 silly audit   'minipass-collect': [ '2.0.1' ],
15 silly audit   'minipass-fetch': [ '4.0.1' ],
15 silly audit   'minipass-flush': [ '1.0.5' ],
15 silly audit   'minipass-pipeline': [ '1.2.4' ],
15 silly audit   'minipass-sized': [ '1.0.3' ],
15 silly audit   minizlib: [ '3.1.0', '2.1.2' ],
15 silly audit   mkdirp: [ '0.5.6', '1.0.4' ],
15 silly audit   mrmime: [ '2.0.1' ],
15 silly audit   msgpackr: [ '1.11.8' ],
15 silly audit   'msgpackr-extract': [ '3.0.3' ],
15 silly audit   multer: [ '1.4.5-lts.2' ],
15 silly audit   'multicast-dns': [ '7.2.5' ],
15 silly audit   nanoid: [ '3.3.11' ],
15 silly audit   needle: [ '3.3.1' ],
15 silly audit   'neo-async': [ '2.6.2' ],
15 silly audit   'node-forge': [ '1.3.3' ],
15 silly audit   'node-gyp': [ '11.5.0' ],
15 silly audit   'node-gyp-build-optional-packages': [ '5.2.2' ],
15 silly audit   'node-releases': [ '2.0.27' ],
15 silly audit   nopt: [ '8.1.0' ],
15 silly audit   'normalize-path': [ '3.0.0' ],
15 silly audit   'normalize-range': [ '0.1.2' ],
15 silly audit   'npm-bundled': [ '4.0.0' ],
15 silly audit   'npm-install-checks': [ '7.1.2' ],
15 silly audit   'npm-normalize-package-bin': [ '4.0.0' ],
15 silly audit   'npm-package-arg': [ '12.0.2' ],
15 silly audit   'npm-packlist': [ '9.0.0' ],
15 silly audit   'npm-pick-manifest': [ '10.0.0' ],
15 silly audit   'npm-registry-fetch': [ '18.0.2' ],
15 silly audit   'nth-check': [ '2.1.1' ],
15 silly audit   'object-assign': [ '4.1.1' ],
15 silly audit   'object-inspect': [ '1.13.4' ],
15 silly audit   obuf: [ '1.1.2' ],
15 silly audit   'on-headers': [ '1.1.0' ],
15 silly audit   once: [ '1.4.0' ],
15 silly audit   onetime: [ '7.0.0', '5.1.2' ],
15 silly audit   open: [ '10.1.0' ],
15 silly audit   ora: [ '5.4.1' ],
15 silly audit   'restore-cursor': [ '3.1.0', '5.1.0' ],
15 silly audit   'signal-exit': [ '3.0.7', '4.1.0' ],
15 silly audit   'ordered-binary': [ '1.6.1' ],
15 silly audit   'p-limit': [ '4.0.0' ],
15 silly audit   'p-locate': [ '6.0.0' ],
15 silly audit   'p-map': [ '7.0.4' ],
15 silly audit   'p-retry': [ '6.2.1' ],
15 silly audit   retry: [ '0.13.1', '0.12.0' ],
15 silly audit   'package-json-from-dist': [ '1.0.1' ],
15 silly audit   pacote: [ '20.0.0' ],
15 silly audit   'parent-module': [ '1.0.1' ],
15 silly audit   'parse-json': [ '5.2.0' ],
15 silly audit   'parse-node-version': [ '1.0.1' ],
15 silly audit   parse5: [ '7.3.0' ],
15 silly audit   'parse5-html-rewriting-stream': [ '7.0.0' ],
15 silly audit   'parse5-sax-parser': [ '7.0.0' ],
15 silly audit   parseurl: [ '1.3.3' ],
15 silly audit   'path-exists': [ '5.0.0' ],
15 silly audit   'path-is-absolute': [ '1.0.1' ],
15 silly audit   'path-key': [ '3.1.1' ],
15 silly audit   'path-parse': [ '1.0.7' ],
15 silly audit   'path-scurry': [ '1.11.1' ],
15 silly audit   'path-to-regexp': [ '0.1.12' ],
15 silly audit   'path-type': [ '6.0.0' ],
15 silly audit   pg: [ '8.18.0' ],
15 silly audit   'pg-cloudflare': [ '1.3.0' ],
15 silly audit   'pg-connection-string': [ '2.11.0' ],
15 silly audit   'pg-int8': [ '1.0.1' ],
15 silly audit   'pg-pool': [ '3.11.0' ],
15 silly audit   'pg-protocol': [ '1.11.0' ],
15 silly audit   'pg-types': [ '2.2.0' ],
15 silly audit   pgpass: [ '1.0.5' ],
15 silly audit   picocolors: [ '1.1.1' ],
15 silly audit   pify: [ '4.0.1' ],
15 silly audit   piscina: [ '4.8.0' ],
15 silly audit   'pkg-dir': [ '7.0.0' ],
15 silly audit   postcss: [ '8.5.2', '8.5.6' ],
15 silly audit   'postcss-loader': [ '8.1.1' ],
15 silly audit   'postcss-media-query-parser': [ '0.2.3' ],
15 silly audit   'postcss-modules-extract-imports': [ '3.1.0' ],
15 silly audit   'postcss-modules-local-by-default': [ '4.2.0' ],
15 silly audit   'postcss-modules-scope': [ '3.2.1' ],
15 silly audit   'postcss-modules-values': [ '4.0.0' ],
15 silly audit   'postcss-selector-parser': [ '7.1.1' ],
15 silly audit   'postcss-value-parser': [ '4.2.0' ],
15 silly audit   'postgres-array': [ '2.0.0' ],
15 silly audit   'postgres-bytea': [ '1.0.1' ],
15 silly audit   'postgres-date': [ '1.0.7' ],
15 silly audit   'postgres-interval': [ '1.2.0' ],
15 silly audit   'proc-log': [ '5.0.0' ],
15 silly audit   'process-nextick-args': [ '2.0.1' ],
15 silly audit   'promise-retry': [ '2.0.1' ],
15 silly audit   'proxy-addr': [ '2.0.7' ],
15 silly audit   prr: [ '1.0.1' ],
15 silly audit   punycode: [ '1.4.1' ],
15 silly audit   qjobs: [ '1.2.0' ],
15 silly audit   qs: [ '6.14.1' ],
15 silly audit   'queue-microtask': [ '1.2.3' ],
15 silly audit   randombytes: [ '2.1.0' ],
15 silly audit   'range-parser': [ '1.2.1' ],
15 silly audit   'raw-body': [ '2.5.3' ],
15 silly audit   'reflect-metadata': [ '0.2.2' ],
15 silly audit   regenerate: [ '1.4.2' ],
15 silly audit   'regenerate-unicode-properties': [ '10.2.2' ],
15 silly audit   'regenerator-runtime': [ '0.14.1' ],
15 silly audit   'regex-parser': [ '2.3.1' ],
15 silly audit   'regexpu-core': [ '6.4.0' ],
15 silly audit   regjsgen: [ '0.8.0' ],
15 silly audit   regjsparser: [ '0.13.0' ],
15 silly audit   'require-directory': [ '2.1.1' ],
15 silly audit   'require-from-string': [ '2.0.2' ],
15 silly audit   'requires-port': [ '1.0.0' ],
15 silly audit   'resolve-from': [ '4.0.0' ],
15 silly audit   'resolve-url-loader': [ '5.0.0' ],
15 silly audit   reusify: [ '1.1.0' ],
15 silly audit   rfdc: [ '1.4.1' ],
15 silly audit   rimraf: [ '3.0.2' ],
15 silly audit   rollup: [ '4.34.8', '4.57.0' ],
15 silly audit   'run-applescript': [ '7.1.0' ],
15 silly audit   'run-parallel': [ '1.2.0' ],
15 silly audit   'safe-regex-test': [ '1.1.0' ],
15 silly audit   'safer-buffer': [ '2.1.2' ],
15 silly audit   sass: [ '1.85.0' ],
15 silly audit   'sass-loader': [ '16.0.5' ],
15 silly audit   sax: [ '1.4.4' ],
15 silly audit   'schema-utils': [ '4.3.3' ],
15 silly audit   'select-hose': [ '2.0.0' ],
15 silly audit   selfsigned: [ '2.4.1' ],
15 silly audit   send: [ '0.19.2' ],
15 silly audit   'serialize-javascript': [ '6.0.2' ],
15 silly audit   'serve-index': [ '1.9.2' ],
15 silly audit   'serve-static': [ '1.16.3' ],
15 silly audit   setprototypeof: [ '1.2.0' ],
15 silly audit   'shallow-clone': [ '3.0.1' ],
15 silly audit   'shebang-command': [ '2.0.0' ],
15 silly audit   'shebang-regex': [ '3.0.0' ],
15 silly audit   'shell-quote': [ '1.8.3' ],
15 silly audit   'side-channel': [ '1.1.0' ],
15 silly audit   'side-channel-list': [ '1.0.0' ],
15 silly audit   'side-channel-map': [ '1.0.1' ],
15 silly audit   'side-channel-weakmap': [ '1.0.2' ],
15 silly audit   sigstore: [ '3.1.0' ],
15 silly audit   slash: [ '5.1.0' ],
15 silly audit   'smart-buffer': [ '4.2.0' ],
15 silly audit   'socket.io': [ '4.8.3' ],
15 silly audit   'socket.io-adapter': [ '2.5.6' ],
15 silly audit   'socket.io-parser': [ '4.2.5' ],
15 silly audit   sockjs: [ '0.3.24' ],
15 silly audit   socks: [ '2.8.7' ],
15 silly audit   'socks-proxy-agent': [ '8.0.5' ],
15 silly audit   'source-map-js': [ '1.2.1' ],
15 silly audit   'source-map-loader': [ '5.0.0' ],
15 silly audit   'source-map-support': [ '0.5.21' ],
15 silly audit   'spdx-correct': [ '3.2.0' ],
15 silly audit   'spdx-exceptions': [ '2.5.0' ],
15 silly audit   'spdx-expression-parse': [ '3.0.1' ],
15 silly audit   'spdx-license-ids': [ '3.0.22' ],
15 silly audit   spdy: [ '4.0.2' ],
15 silly audit   'spdy-transport': [ '3.0.0' ],
15 silly audit   split2: [ '4.2.0' ],
15 silly audit   ssri: [ '12.0.0' ],
15 silly audit   streamroller: [ '3.1.5' ],
15 silly audit   streamsearch: [ '1.1.0' ],
15 silly audit   stripe: [ '17.7.0' ],
15 silly audit   'supports-preserve-symlinks-flag': [ '1.0.0' ],
15 silly audit   'symbol-observable': [ '4.0.0' ],
15 silly audit   tapable: [ '2.3.0' ],
15 silly audit   terser: [ '5.39.0' ],
15 silly audit   'terser-webpack-plugin': [ '5.3.16' ],
15 silly audit   thingies: [ '2.5.0' ],
15 silly audit   thunky: [ '1.1.0' ],
15 silly audit   tinyglobby: [ '0.2.15' ],
15 silly audit   tmp: [ '0.2.5' ],
15 silly audit   'to-regex-range': [ '5.0.1' ],
15 silly audit   toidentifier: [ '1.0.1' ],
15 silly audit   'tree-dump': [ '1.1.0' ],
15 silly audit   'tree-kill': [ '1.2.2' ],
15 silly audit   tslib: [ '2.8.1' ],
15 silly audit   'tuf-js': [ '3.1.0' ],
15 silly audit   'type-is': [ '1.6.18' ],
15 silly audit   'typed-assert': [ '1.0.9' ],
15 silly audit   typedarray: [ '0.0.6' ],
15 silly audit   typescript: [ '5.7.3' ],
15 silly audit   'ua-parser-js': [ '0.7.41' ],
15 silly audit   'unicode-canonical-property-names-ecmascript': [ '2.0.1' ],
15 silly audit   'unicode-match-property-ecmascript': [ '2.0.0' ],
15 silly audit   'unicode-match-property-value-ecmascript': [ '2.2.1' ],
15 silly audit   'unicode-property-aliases-ecmascript': [ '2.2.0' ],
15 silly audit   'unicorn-magic': [ '0.3.0' ],
15 silly audit   'unique-filename': [ '4.0.0' ],
15 silly audit   'unique-slug': [ '5.0.0' ],
15 silly audit   universalify: [ '0.1.2' ],
15 silly audit   unpipe: [ '1.0.0' ],
15 silly audit   'update-browserslist-db': [ '1.2.3' ],
15 silly audit   'util-deprecate': [ '1.0.2' ],
15 silly audit   'utils-merge': [ '1.0.1' ],
15 silly audit   uuid: [ '8.3.2' ],
15 silly audit   'validate-npm-package-license': [ '3.0.4' ],
15 silly audit   'validate-npm-package-name': [ '6.0.2' ],
15 silly audit   vary: [ '1.1.2' ],
15 silly audit   vite: [ '6.4.1' ],
15 silly audit   'void-elements': [ '2.0.1' ],
15 silly audit   watchpack: [ '2.4.2' ],
15 silly audit   wbuf: [ '1.7.3' ],
15 silly audit   wcwidth: [ '1.0.1' ],
15 silly audit   'weak-lru-cache': [ '1.2.2' ],
15 silly audit   webpack: [ '5.98.0' ],
15 silly audit   'webpack-dev-middleware': [ '7.4.2' ],
15 silly audit   'webpack-dev-server': [ '5.2.2' ],
15 silly audit   'webpack-merge': [ '6.0.1' ],
15 silly audit   'webpack-sources': [ '3.3.3' ],
15 silly audit   'webpack-subresource-integrity': [ '5.1.0' ],
15 silly audit   'websocket-driver': [ '0.7.4' ],
15 silly audit   'websocket-extensions': [ '0.1.4' ],
15 silly audit   wildcard: [ '2.0.1' ],
15 silly audit   wrappy: [ '1.0.2' ],
15 silly audit   ws: [ '8.18.3' ],
15 silly audit   xtend: [ '4.0.2' ],
15 silly audit   y18n: [ '5.0.8' ],
15 silly audit   'yocto-queue': [ '1.2.2' ],
15 silly audit   'yoctocolors-cjs': [ '2.1.3' ],
15 silly audit   'zone.js': [ '0.15.1' ]
15 silly audit }
16 http fetch POST 200 https://registry.npmjs.org/-/npm/v1/security/advisories/bulk 675ms
17 silly audit report {
17 silly audit report   '@angular/core': [
17 silly audit report     {
17 silly audit report       id: 1113588,
17 silly audit report       url: 'https://github.com/advisories/GHSA-prjf-86w9-mfqv',
17 silly audit report       title: 'Angular i18n vulnerable to Cross-Site Scripting',
17 silly audit report       severity: 'high',
17 silly audit report       vulnerable_versions: '>=19.0.0-next.0 <=19.2.18',
17 silly audit report       cwe: [Array],
17 silly audit report       cvss: [Object]
17 silly audit report     }
17 silly audit report   ],
17 silly audit report   minimatch: [
17 silly audit report     {
17 silly audit report       id: 1113459,
17 silly audit report       url: 'https://github.com/advisories/GHSA-3ppc-4f35-3m26',
17 silly audit report       title: 'minimatch has a ReDoS via repeated wildcards with non-matching literal in pattern',
17 silly audit report       severity: 'high',
17 silly audit report       vulnerable_versions: '<3.1.3',
17 silly audit report       cwe: [Array],
17 silly audit report       cvss: [Object]
17 silly audit report     },
17 silly audit report     {
17 silly audit report       id: 1113465,
17 silly audit report       url: 'https://github.com/advisories/GHSA-3ppc-4f35-3m26',
17 silly audit report       title: 'minimatch has a ReDoS via repeated wildcards with non-matching literal in pattern',
17 silly audit report       severity: 'high',
17 silly audit report       vulnerable_versions: '>=9.0.0 <9.0.6',
17 silly audit report       cwe: [Array],
17 silly audit report       cvss: [Object]
17 silly audit report     },
17 silly audit report     {
17 silly audit report       id: 1113538,
17 silly audit report       url: 'https://github.com/advisories/GHSA-7r86-cg39-jmmj',
17 silly audit report       title: 'minimatch has ReDoS: matchOne() combinatorial backtracking via multiple non-adjacent GLOBSTAR segments',
17 silly audit report       severity: 'high',
17 silly audit report       vulnerable_versions: '<3.1.3',
17 silly audit report       cwe: [Array],
17 silly audit report       cvss: [Object]
17 silly audit report     },
17 silly audit report     {
17 silly audit report       id: 1113544,
17 silly audit report       url: 'https://github.com/advisories/GHSA-7r86-cg39-jmmj',
17 silly audit report       title: 'minimatch has ReDoS: matchOne() combinatorial backtracking via multiple non-adjacent GLOBSTAR segments',
17 silly audit report       severity: 'high',
17 silly audit report       vulnerable_versions: '>=9.0.0 <9.0.7',
17 silly audit report       cwe: [Array],
17 silly audit report       cvss: [Object]
17 silly audit report     },
17 silly audit report     {
17 silly audit report       id: 1113546,
17 silly audit report       url: 'https://github.com/advisories/GHSA-23c5-xmqv-rm74',
17 silly audit report       title: 'minimatch ReDoS: nested *() extglobs generate catastrophically backtracking regular expressions',
17 silly audit report       severity: 'high',
17 silly audit report       vulnerable_versions: '<3.1.4',
17 silly audit report       cwe: [Array],
17 silly audit report       cvss: [Object]
17 silly audit report     },
17 silly audit report     {
17 silly audit report       id: 1113552,
17 silly audit report       url: 'https://github.com/advisories/GHSA-23c5-xmqv-rm74',
17 silly audit report       title: 'minimatch ReDoS: nested *() extglobs generate catastrophically backtracking regular expressions',
17 silly audit report       severity: 'high',
17 silly audit report       vulnerable_versions: '>=9.0.0 <9.0.7',
17 silly audit report       cwe: [Array],
17 silly audit report       cvss: [Object]
17 silly audit report     }
17 silly audit report   ],
17 silly audit report   ajv: [
17 silly audit report     {
17 silly audit report       id: 1113715,
17 silly audit report       url: 'https://github.com/advisories/GHSA-2g4f-4pwh-qvx6',
17 silly audit report       title: 'ajv has ReDoS when using `$data` option',
17 silly audit report       severity: 'moderate',
17 silly audit report       vulnerable_versions: '>=7.0.0-alpha.0 <8.18.0',
17 silly audit report       cwe: [Array],
17 silly audit report       cvss: [Object]
17 silly audit report     }
17 silly audit report   ],
17 silly audit report   tar: [
17 silly audit report     {
17 silly audit report       id: 1112329,
17 silly audit report       url: 'https://github.com/advisories/GHSA-r6q2-hw4h-h46w',
17 silly audit report       title: 'Race Condition in node-tar Path Reservations via Unicode Ligature Collisions on macOS APFS',
17 silly audit report       severity: 'high',
17 silly audit report       vulnerable_versions: '<=7.5.3',
17 silly audit report       cwe: [Array],
17 silly audit report       cvss: [Object]
17 silly audit report     },
17 silly audit report     {
17 silly audit report       id: 1112659,
17 silly audit report       url: 'https://github.com/advisories/GHSA-34x7-hfp2-rc4v',
17 silly audit report       title: 'node-tar Vulnerable to Arbitrary File Creation/Overwrite via Hardlink Path Traversal',
17 silly audit report       severity: 'high',
17 silly audit report       vulnerable_versions: '<7.5.7',
17 silly audit report       cwe: [Array],
17 silly audit report       cvss: [Object]
17 silly audit report     },
17 silly audit report     {
17 silly audit report       id: 1113300,
17 silly audit report       url: 'https://github.com/advisories/GHSA-8qq5-rm4j-mr97',
17 silly audit report       title: 'node-tar is Vulnerable to Arbitrary File Overwrite and Symlink Poisoning via Insufficient Path Sanitization',
17 silly audit report       severity: 'high',
17 silly audit report       vulnerable_versions: '<=7.5.2',
17 silly audit report       cwe: [Array],
17 silly audit report       cvss: [Object]
17 silly audit report     },
17 silly audit report     {
17 silly audit report       id: 1113375,
17 silly audit report       url: 'https://github.com/advisories/GHSA-83g3-92jg-28cx',
17 silly audit report       title: 'Arbitrary File Read/Write via Hardlink Target Escape Through Symlink Chain in node-tar Extraction',
17 silly audit report       severity: 'high',
17 silly audit report       vulnerable_versions: '<7.5.8',
17 silly audit report       cwe: [Array],
17 silly audit report       cvss: [Object]
17 silly audit report     },
17 silly audit report     {
17 silly audit report       id: 1114071,
17 silly audit report       url: 'https://github.com/advisories/GHSA-qffp-2rhf-9h96',
17 silly audit report       title: 'tar has Hardlink Path Traversal via Drive-Relative Linkpath',
17 silly audit report       severity: 'high',
17 silly audit report       vulnerable_versions: '<=7.5.9',
17 silly audit report       cwe: [Array],
17 silly audit report       cvss: [Object]
17 silly audit report     }
17 silly audit report   ],
17 silly audit report   immutable: [
17 silly audit report     {
17 silly audit report       id: 1114168,
17 silly audit report       url: 'https://github.com/advisories/GHSA-wf6x-7x77-mvgw',
17 silly audit report       title: 'Immutable is vulnerable to Prototype Pollution',
17 silly audit report       severity: 'high',
17 silly audit report       vulnerable_versions: '>=5.0.0 <5.1.5',
17 silly audit report       cwe: [Array],
17 silly audit report       cvss: [Object]
17 silly audit report     }
17 silly audit report   ],
17 silly audit report   qs: [
17 silly audit report     {
17 silly audit report       id: 1113161,
17 silly audit report       url: 'https://github.com/advisories/GHSA-w7fw-mjwx-w883',
17 silly audit report       title: "qs's arrayLimit bypass in comma parsing allows denial of service",
17 silly audit report       severity: 'low',
17 silly audit report       vulnerable_versions: '>=6.7.0 <=6.14.1',
17 silly audit report       cwe: [Array],
17 silly audit report       cvss: [Object]
17 silly audit report     }
17 silly audit report   ],
17 silly audit report   rollup: [
17 silly audit report     {
17 silly audit report       id: 1113515,
17 silly audit report       url: 'https://github.com/advisories/GHSA-mw96-cpmx-2vgc',
17 silly audit report       title: 'Rollup 4 has Arbitrary File Write via Path Traversal',
17 silly audit report       severity: 'high',
17 silly audit report       vulnerable_versions: '>=4.0.0 <4.59.0',
17 silly audit report       cwe: [Array],
17 silly audit report       cvss: [Object]
17 silly audit report     }
17 silly audit report   ],
17 silly audit report   'serialize-javascript': [
17 silly audit report     {
17 silly audit report       id: 1113686,
17 silly audit report       url: 'https://github.com/advisories/GHSA-5c6j-r48x-rmvq',
17 silly audit report       title: 'Serialize JavaScript is Vulnerable to RCE via RegExp.flags and Date.prototype.toISOString()',
17 silly audit report       severity: 'high',
17 silly audit report       vulnerable_versions: '<=7.0.2',
17 silly audit report       cwe: [Array],
17 silly audit report       cvss: [Object]
17 silly audit report     }
17 silly audit report   ],
17 silly audit report   webpack: [
17 silly audit report     {
17 silly audit report       id: 1113041,
17 silly audit report       url: 'https://github.com/advisories/GHSA-8fgc-7cc6-rx7x',
17 silly audit report       title: 'webpack buildHttp: allowedUris allow-list bypass via URL userinfo (@) leading to build-time SSRF behavior',
17 silly audit report       severity: 'low',
17 silly audit report       vulnerable_versions: '>=5.49.0 <=5.104.0',
17 silly audit report       cwe: [Array],
17 silly audit report       cvss: [Object]
17 silly audit report     },
17 silly audit report     {
17 silly audit report       id: 1113042,
17 silly audit report       url: 'https://github.com/advisories/GHSA-38r7-794h-5758',
17 silly audit report       title: 'webpack buildHttp HttpUriPlugin allowedUris bypass via HTTP redirects → SSRF + cache persistence',
17 silly audit report       severity: 'low',
17 silly audit report       vulnerable_versions: '>=5.49.0 <5.104.0',
17 silly audit report       cwe: [Array],
17 silly audit report       cvss: [Object]
17 silly audit report     }
17 silly audit report   ]
17 silly audit report }
18 silly packumentCache corgi:https://registry.npmjs.org/@angular%2fcore cache-miss
19 silly packumentCache corgi:https://registry.npmjs.org/minimatch cache-miss
20 silly packumentCache corgi:https://registry.npmjs.org/ajv cache-miss
21 silly packumentCache corgi:https://registry.npmjs.org/tar cache-miss
22 silly packumentCache corgi:https://registry.npmjs.org/immutable cache-miss
23 silly packumentCache corgi:https://registry.npmjs.org/qs cache-miss
24 silly packumentCache corgi:https://registry.npmjs.org/rollup cache-miss
25 silly packumentCache corgi:https://registry.npmjs.org/serialize-javascript cache-miss
26 silly packumentCache corgi:https://registry.npmjs.org/webpack cache-miss
27 http cache https://registry.npmjs.org/tar 28ms (cache hit)
28 silly packumentCache corgi:https://registry.npmjs.org/tar set size:196430 disposed:false
29 http cache https://registry.npmjs.org/ajv 34ms (cache hit)
30 silly packumentCache corgi:https://registry.npmjs.org/ajv set size:464537 disposed:false
31 http cache https://registry.npmjs.org/qs 37ms (cache hit)
32 silly packumentCache corgi:https://registry.npmjs.org/qs set size:143799 disposed:false
33 http cache https://registry.npmjs.org/serialize-javascript 38ms (cache hit)
34 silly packumentCache corgi:https://registry.npmjs.org/serialize-javascript set size:35366 disposed:false
35 http cache https://registry.npmjs.org/immutable 40ms (cache hit)
36 silly packumentCache corgi:https://registry.npmjs.org/immutable set size:108496 disposed:false
37 http cache https://registry.npmjs.org/@angular%2fcore 46ms (cache hit)
38 silly packumentCache corgi:https://registry.npmjs.org/@angular%2fcore set size:1130924 disposed:false
39 http cache https://registry.npmjs.org/minimatch 56ms (cache hit)
40 silly packumentCache corgi:https://registry.npmjs.org/minimatch set size:167610 disposed:false
41 http cache https://registry.npmjs.org/webpack 78ms (cache hit)
42 silly packumentCache corgi:https://registry.npmjs.org/webpack set size:1999728 disposed:false
43 http cache https://registry.npmjs.org/rollup 104ms (cache hit)
44 silly packumentCache corgi:https://registry.npmjs.org/rollup set size:2543476 disposed:false
45 silly packumentCache corgi:https://registry.npmjs.org/@angular%2fcommon cache-miss
46 silly packumentCache corgi:https://registry.npmjs.org/@angular%2fforms cache-miss
47 silly packumentCache corgi:https://registry.npmjs.org/@angular%2fplatform-browser cache-miss
48 silly packumentCache corgi:https://registry.npmjs.org/@angular%2fplatform-browser-dynamic cache-miss
49 silly packumentCache corgi:https://registry.npmjs.org/@angular%2frouter cache-miss
50 http cache https://registry.npmjs.org/@angular%2fcommon 13ms (cache hit)
51 silly packumentCache corgi:https://registry.npmjs.org/@angular%2fcommon set size:1129338 disposed:false
52 http cache https://registry.npmjs.org/@angular%2fforms 45ms (cache hit)
53 silly packumentCache corgi:https://registry.npmjs.org/@angular%2fforms set size:1188969 disposed:false
54 http cache https://registry.npmjs.org/@angular%2fplatform-browser 58ms (cache hit)
55 silly packumentCache corgi:https://registry.npmjs.org/@angular%2fplatform-browser set size:1236521 disposed:false
56 http cache https://registry.npmjs.org/@angular%2frouter 70ms (cache hit)
57 silly packumentCache corgi:https://registry.npmjs.org/@angular%2frouter set size:1219150 disposed:false
58 http cache https://registry.npmjs.org/@angular%2fplatform-browser-dynamic 97ms (cache hit)
59 silly packumentCache corgi:https://registry.npmjs.org/@angular%2fplatform-browser-dynamic set size:1264636 disposed:false
60 silly packumentCache corgi:https://registry.npmjs.org/glob cache-miss
61 silly packumentCache corgi:https://registry.npmjs.org/karma cache-miss
62 silly packumentCache corgi:https://registry.npmjs.org/karma-coverage cache-miss
63 http cache https://registry.npmjs.org/karma-coverage 5ms (cache hit)
64 silly packumentCache corgi:https://registry.npmjs.org/karma-coverage set size:53958 disposed:false
65 http cache https://registry.npmjs.org/glob 10ms (cache hit)
66 silly packumentCache corgi:https://registry.npmjs.org/glob set size:199194 disposed:false
67 http cache https://registry.npmjs.org/karma 14ms (cache hit)
68 silly packumentCache corgi:https://registry.npmjs.org/karma set size:512452 disposed:false
69 silly packumentCache corgi:https://registry.npmjs.org/@tufjs%2fmodels cache-miss
70 silly packumentCache corgi:https://registry.npmjs.org/ignore-walk cache-miss
71 http cache https://registry.npmjs.org/@tufjs%2fmodels 5ms (cache hit)
72 silly packumentCache corgi:https://registry.npmjs.org/@tufjs%2fmodels set size:15872 disposed:false
73 http cache https://registry.npmjs.org/ignore-walk 6ms (cache hit)
74 silly packumentCache corgi:https://registry.npmjs.org/ignore-walk set size:29370 disposed:false
75 silly packumentCache corgi:https://registry.npmjs.org/@angular-devkit%2fcore cache-miss
76 silly packumentCache corgi:https://registry.npmjs.org/ajv-formats cache-miss
77 silly packumentCache corgi:https://registry.npmjs.org/ajv-keywords cache-miss
78 silly packumentCache corgi:https://registry.npmjs.org/schema-utils cache-miss
79 http cache https://registry.npmjs.org/ajv-formats 8ms (cache hit)
80 silly packumentCache corgi:https://registry.npmjs.org/ajv-formats set size:63554 disposed:false
81 http cache https://registry.npmjs.org/@angular-devkit%2fcore 11ms (cache hit)
82 silly packumentCache corgi:https://registry.npmjs.org/@angular-devkit%2fcore set size:1237536 disposed:false
83 http cache https://registry.npmjs.org/schema-utils 23ms (cache hit)
84 silly packumentCache corgi:https://registry.npmjs.org/schema-utils set size:76871 disposed:false
85 http cache https://registry.npmjs.org/ajv-keywords 39ms (cache hit)
86 silly packumentCache corgi:https://registry.npmjs.org/ajv-keywords set size:53509 disposed:false
87 silly packumentCache corgi:https://registry.npmjs.org/pacote cache-miss
88 http cache https://registry.npmjs.org/pacote 3ms (cache hit)
89 silly packumentCache corgi:https://registry.npmjs.org/pacote set size:395867 disposed:false
90 silly packumentCache corgi:https://registry.npmjs.org/cacache cache-miss
91 silly packumentCache corgi:https://registry.npmjs.org/node-gyp cache-miss
92 http cache https://registry.npmjs.org/cacache 3ms (cache hit)
93 silly packumentCache corgi:https://registry.npmjs.org/cacache set size:155668 disposed:false
94 http cache https://registry.npmjs.org/node-gyp 6ms (cache hit)
95 silly packumentCache corgi:https://registry.npmjs.org/node-gyp set size:157353 disposed:false
96 silly packumentCache corgi:https://registry.npmjs.org/sass cache-miss
97 http cache https://registry.npmjs.org/sass 3ms (cache hit)
98 silly packumentCache corgi:https://registry.npmjs.org/sass set size:376117 disposed:false
99 silly packumentCache corgi:https://registry.npmjs.org/body-parser cache-miss
100 silly packumentCache corgi:https://registry.npmjs.org/express cache-miss
101 silly packumentCache corgi:https://registry.npmjs.org/stripe cache-miss
102 http cache https://registry.npmjs.org/express 6ms (cache hit)
103 silly packumentCache corgi:https://registry.npmjs.org/express set size:337735 disposed:false
104 http cache https://registry.npmjs.org/body-parser 10ms (cache hit)
105 silly packumentCache corgi:https://registry.npmjs.org/body-parser set size:77795 disposed:false
106 http cache https://registry.npmjs.org/stripe 12ms (cache hit)
107 silly packumentCache corgi:https://registry.npmjs.org/stripe set size:1127706 disposed:false
108 silly packumentCache corgi:https://registry.npmjs.org/@angular%2fbuild cache-miss
109 silly packumentCache corgi:https://registry.npmjs.org/vite cache-miss
110 http cache https://registry.npmjs.org/@angular%2fbuild 4ms (cache hit)
111 silly packumentCache corgi:https://registry.npmjs.org/@angular%2fbuild set size:486945 disposed:false
112 http cache https://registry.npmjs.org/vite 12ms (cache hit)
113 silly packumentCache corgi:https://registry.npmjs.org/vite set size:2190484 disposed:false
114 silly packumentCache corgi:https://registry.npmjs.org/copy-webpack-plugin cache-miss
115 silly packumentCache corgi:https://registry.npmjs.org/terser-webpack-plugin cache-miss
116 http cache https://registry.npmjs.org/copy-webpack-plugin 5ms (cache hit)
117 silly packumentCache corgi:https://registry.npmjs.org/copy-webpack-plugin set size:140312 disposed:false
118 http cache https://registry.npmjs.org/terser-webpack-plugin 6ms (cache hit)
119 silly packumentCache corgi:https://registry.npmjs.org/terser-webpack-plugin set size:205225 disposed:false
120 silly packumentCache corgi:https://registry.npmjs.org/@angular-devkit%2fbuild-angular cache-miss
121 silly packumentCache corgi:https://registry.npmjs.org/@angular-devkit%2fbuild-webpack cache-miss
122 silly packumentCache corgi:https://registry.npmjs.org/@ngtools%2fwebpack cache-miss
123 silly packumentCache corgi:https://registry.npmjs.org/babel-loader cache-miss
124 silly packumentCache corgi:https://registry.npmjs.org/css-loader cache-miss
125 silly packumentCache corgi:https://registry.npmjs.org/less-loader cache-miss
126 silly packumentCache corgi:https://registry.npmjs.org/mini-css-extract-plugin cache-miss
127 silly packumentCache corgi:https://registry.npmjs.org/postcss-loader cache-miss
128 silly packumentCache corgi:https://registry.npmjs.org/sass-loader cache-miss
129 silly packumentCache corgi:https://registry.npmjs.org/source-map-loader cache-miss
130 silly packumentCache corgi:https://registry.npmjs.org/webpack-dev-middleware cache-miss
131 silly packumentCache corgi:https://registry.npmjs.org/webpack-dev-server cache-miss
132 silly packumentCache corgi:https://registry.npmjs.org/webpack-subresource-integrity cache-miss
133 http cache https://registry.npmjs.org/@angular-devkit%2fbuild-angular 147ms (cache hit)
134 silly packumentCache corgi:https://registry.npmjs.org/@angular-devkit%2fbuild-angular set size:3038628 disposed:false
135 http cache https://registry.npmjs.org/less-loader 169ms (cache hit)
136 silly packumentCache corgi:https://registry.npmjs.org/less-loader set size:95385 disposed:false
137 http cache https://registry.npmjs.org/babel-loader 174ms (cache hit)
138 silly packumentCache corgi:https://registry.npmjs.org/babel-loader set size:113372 disposed:false
139 http cache https://registry.npmjs.org/css-loader 178ms (cache hit)
140 silly packumentCache corgi:https://registry.npmjs.org/css-loader set size:243401 disposed:false
141 http cache https://registry.npmjs.org/postcss-loader 181ms (cache hit)
142 silly packumentCache corgi:https://registry.npmjs.org/postcss-loader set size:134258 disposed:false
143 http cache https://registry.npmjs.org/@angular-devkit%2fbuild-webpack 233ms (cache hit)
144 silly packumentCache corgi:https://registry.npmjs.org/@angular-devkit%2fbuild-webpack set size:1196849 disposed:false
145 http cache https://registry.npmjs.org/mini-css-extract-plugin 244ms (cache hit)
146 silly packumentCache corgi:https://registry.npmjs.org/mini-css-extract-plugin set size:184585 disposed:false
147 http cache https://registry.npmjs.org/sass-loader 247ms (cache hit)
148 silly packumentCache corgi:https://registry.npmjs.org/sass-loader set size:205321 disposed:false
149 http cache https://registry.npmjs.org/source-map-loader 248ms (cache hit)
150 silly packumentCache corgi:https://registry.npmjs.org/source-map-loader set size:45783 disposed:false
151 http cache https://registry.npmjs.org/webpack-subresource-integrity 252ms (cache hit)
152 silly packumentCache corgi:https://registry.npmjs.org/webpack-subresource-integrity set size:93374 disposed:false
153 http cache https://registry.npmjs.org/webpack-dev-middleware 256ms (cache hit)
154 silly packumentCache corgi:https://registry.npmjs.org/webpack-dev-middleware set size:169900 disposed:false
155 http cache https://registry.npmjs.org/@ngtools%2fwebpack 263ms (cache hit)
156 silly packumentCache corgi:https://registry.npmjs.org/@ngtools%2fwebpack set size:1283399 disposed:false
157 http cache https://registry.npmjs.org/webpack-dev-server 275ms (cache hit)
158 silly packumentCache corgi:https://registry.npmjs.org/webpack-dev-server set size:458386 disposed:false
159 silly packumentCache corgi:https://registry.npmjs.org/@angular-devkit%2farchitect cache-miss
160 silly packumentCache corgi:https://registry.npmjs.org/@angular-devkit%2fschematics cache-miss
161 silly packumentCache corgi:https://registry.npmjs.org/@angular%2fcli cache-miss
162 silly packumentCache corgi:https://registry.npmjs.org/@schematics%2fangular cache-miss
163 http cache https://registry.npmjs.org/@angular-devkit%2fschematics 19ms (cache hit)
164 silly packumentCache corgi:https://registry.npmjs.org/@angular-devkit%2fschematics set size:1205409 disposed:false
165 http cache https://registry.npmjs.org/@angular%2fcli 36ms (cache hit)
166 silly packumentCache corgi:https://registry.npmjs.org/@angular%2fcli set size:1748131 disposed:false
167 http cache https://registry.npmjs.org/@angular-devkit%2farchitect 55ms (cache hit)
168 silly packumentCache corgi:https://registry.npmjs.org/@angular-devkit%2farchitect set size:1135668 disposed:false
169 http cache https://registry.npmjs.org/@schematics%2fangular 67ms (cache hit)
170 silly packumentCache corgi:https://registry.npmjs.org/@schematics%2fangular set size:1203413 disposed:false
171 verbose cwd /home/container
172 verbose os Linux 6.8.0-101-generic
173 verbose node v24.13.0
174 verbose npm  v11.6.2
175 verbose exit 0
176 info ok
